D:\>cf login -a https://api.run.pivotal.io
API endpoint: https://api.run.pivotal.io

Email> kishansharma.narayanan@cognizant.com

Password>
Authenticating...
OK

Targeted org kishan-org

Targeted space development

D:\>cf create-service rediscloud 30mb redis
Creating service instance redis in org kishan-org / space development as kishansharma.narayanan@cognizant.com...
OK

D:\>cf create-service cloudamqp lemur rabbit
Creating service instance rabbit in org kishan-org / space development as kishansharma.narayanan@cognizant.com...
OK

D:\Kishan\Workspaces\SpringDataFlow\Jars\CF>cf push dataflow-server-kishan -m 1G --no-start -p spring-cloud-dataflow-server-cloudfoundry-1.0.1.RELEASE.jar
Creating app dataflow-server-kishan in org kishan-org / space development as kishansharma.narayanan@cognizant.com...
OK

Creating route dataflow-server-kishan.cfapps.io...
OK

Binding dataflow-server-kishan.cfapps.io to dataflow-server-kishan...
OK

Uploading dataflow-server-kishan...
Uploading app files from: C:\Users\591241\AppData\Local\Temp\unzipped-app032241939
Uploading 2M, 149 files
Done uploading
OK

D:\Kishan\Workspaces\SpringDataFlow\Jars\CF>cf bind-service dataflow-server-kishan redis
Binding service redis to app dataflow-server-kishan in org kishan-org / space development as kishansharma.narayanan@cognizant.com...
OK
TIP: Use 'cf restage dataflow-server-kishan' to ensure your env variable changes take effect

D:\Kishan\Workspaces\SpringDataFlow\Jars\CF>cf bind-service dataflow-server-kishan cf-spring-db
Binding service cf-spring-db to app dataflow-server-kishan in org kishan-org / space development as kishansharma.narayanan@cognizant.com...
OK
TIP: Use 'cf restage dataflow-server-kishan' to ensure your env variable changes take effect

D:\Kishan\Workspaces\SpringDataFlow\Jars\CF>cf restage dataflow-server-kishan
Restaging app dataflow-server-kishan in org kishan-org / space development as kishansharma.narayanan@cognizant.com...
Failed to watch staging of app dataflow-server-kishan in org kishan-org / space development as kishansharma.narayanan@cognizant.com...


cf set-env dataflow-server-kishan SPRING_CLOUD_DEPLOYER_CLOUDFOUNDRY_URL https://api.run.pivotal.io
cf set-env dataflow-server-kishan SPRING_CLOUD_DEPLOYER_CLOUDFOUNDRY_ORG kishan-org
cf set-env dataflow-server-kishan SPRING_CLOUD_DEPLOYER_CLOUDFOUNDRY_SPACE development
cf set-env dataflow-server-kishan SPRING_CLOUD_DEPLOYER_CLOUDFOUNDRY_DOMAIN cfapps.io
cf set-env dataflow-server-kishan SPRING_CLOUD_DEPLOYER_CLOUDFOUNDRY_STREAM_SERVICES rabbit
cf set-env dataflow-server-kishan SPRING_CLOUD_DEPLOYER_CLOUDFOUNDRY_USERNAME kishansharma.narayanan@cognizant.com
cf set-env dataflow-server-kishan SPRING_CLOUD_DEPLOYER_CLOUDFOUNDRY_PASSWORD S@iby@1985
cf set-env dataflow-server-kishan SPRING_CLOUD_DEPLOYER_CLOUDFOUNDRY_SKIP_SSL_VALIDATION false
cf set-env dataflow-server-kishan SPRING_CLOUD_DEPLOYER_CLOUDFOUNDRY_STREAM_MEMORY 512
cf set-env dataflow-server-kishan SPRING_CLOUD_DEPLOYER_CLOUDFOUNDRY_STREAM_DISK 1024
cf set-env dataflow-server-kishan SPRING_CLOUD_DEPLOYER_CLOUDFOUNDRY_STREAM_INSTANCES 1


cf restage dataflow-server-kishan